// Vitest Snapshot v1

exports[`Landing Page > Should render Landing Page 1`] = `
<DocumentFragment>
  <div
    class="sc-bTtZEv beLHlw"
  />
  <div
    class="sc-jccYHG eLcPKc"
  />
  <div
    class="sc-bQmOxr cCEANG"
    height="768"
  >
    <div
      class="sc-fWQKxP"
    >
      <div
        class="sc-ckEbSK gcevUE"
      >
        <nav
          class="sc-cUEOzv iMOXCL"
        >
          <section
            class="sc-jOiSOi hqHWtC"
          >
            <section
              class="sc-jGNhvO eKVKJe"
            >
              <a
                class="sc-lllmON"
                href="https://twitter.com/price_oracle"
                rel="noopener noreferrer"
                target="_blank"
              >
                <div
                  class="sc-iBYQkv sc-jrcTuL blHKRc epIsAC sc-iJnaPW"
                  color="rgba(255,255,255, 0.87)"
                >
                   
                  <i
                    class="sc-hBxehG eNrQxx picon-twitter"
                    color="#fff"
                    name="twitter"
                  />
                </div>
              </a>
            </section>
            <section
              class="sc-jGNhvO eKVKJe"
            >
              <a
                class="sc-lllmON"
                href="https://discord.gg/c9KSUgu3vt"
                rel="noopener noreferrer"
                target="_blank"
              >
                <div
                  class="sc-iBYQkv sc-jrcTuL blHKRc epIsAC sc-iJnaPW"
                  color="rgba(255,255,255, 0.87)"
                >
                   
                  <i
                    class="sc-hBxehG grisYc picon-discord"
                    color="#fff"
                    name="discord"
                  />
                </div>
              </a>
            </section>
            <section
              class="sc-jGNhvO eKVKJe"
            >
              <a
                class="sc-lllmON"
                href="https://github.com/price-oracle"
                rel="noopener noreferrer"
                target="_blank"
              >
                <div
                  class="sc-iBYQkv sc-jrcTuL blHKRc epIsAC sc-iJnaPW"
                  color="rgba(255,255,255, 0.87)"
                >
                   
                  <i
                    class="sc-hBxehG eNrQxx picon-github"
                    color="#fff"
                    name="github"
                  />
                </div>
              </a>
            </section>
            <section
              class="sc-jGNhvO eKVKJe"
            >
              <div
                class="sc-dIfARi fqNnZh"
                font-size="1.6rem"
              >
                <i
                  class="sc-hBxehG eNrQxx picon-sun"
                  color="#fff"
                  name="sun"
                />
              </div>
            </section>
          </section>
        </nav>
        <div
          class="sc-fbYMXx sc-jIILKH sc-eKJbhj ccJMhE fFQjcO doRnLf"
        />
        <div
          class="sc-fbYMXx sc-UpCWa sc-bTTELM ccJMhE jSGnap haogcN"
        />
        <div
          class="sc-fbYMXx sc-fXqpFg sc-kImNAt ccJMhE dHtSKH jZNAIU"
        />
        <div
          class="sc-fbYMXx sc-GhhNo sc-hOzowv ccJMhE ffXSPv hcEDgN"
        />
        <div
          class="sc-fbYMXx sc-ZqFbI sc-dsHJmm ccJMhE bvBVGZ eTZfHp"
        />
        <div
          class="sc-fbYMXx sc-fXqpFg sc-cZFQFd ccJMhE dHtSKH juNUem"
        />
        <div
          class="sc-fbYMXx sc-dwnOUR sc-jTjUTQ ccJMhE gwBmIY hnMblC"
        />
        <div
          class="sc-fbYMXx sc-jNJNQp sc-jRwbcX ccJMhE jvyIyK jFIrVI"
        />
        <div
          class="sc-fbYMXx sc-jIILKH sc-fvEvSO ccJMhE fFQjcO ktBXSR"
        />
        <div
          class="sc-fbYMXx sc-UpCWa sc-fcCDlF ccJMhE jSGnap eSAXmF"
        />
        <div
          class="sc-fbYMXx sc-fXqpFg sc-GKYbw ccJMhE dHtSKH icFHDt"
        />
        <div
          class="sc-fbYMXx sc-ZqFbI sc-gsGlKL ccJMhE bvBVGZ iUiYOl"
        />
        <div
          class="sc-fbYMXx sc-jNJNQp sc-bWOGAC ccJMhE jvyIyK cafwNv"
        />
        <div
          class="sc-fbYMXx sc-fXqpFg sc-eGugkK ccJMhE dHtSKH kObZnJ"
        />
        <div
          class="sc-fbYMXx sc-jIILKH sc-csDkEv ccJMhE fFQjcO ZCapP"
        />
        <div
          class="sc-fbYMXx sc-fXqpFg sc-dEVLtI ccJMhE dHtSKH coXbRq"
        />
        <div
          class="sc-fbYMXx sc-GhhNo sc-brePNt ccJMhE ffXSPv lfocXI"
        />
      </div>
    </div>
    <div
      class="sc-EJAja dxomPC"
    >
      <img
        alt="Price logo"
        class="sc-iveFHk sc-jmpzUR hpkodg gIzLUv"
        src="/src/assets/logo-big-light.svg"
      />
      <div
        class="sc-hsWlPz kfbRxa"
      >
        <div
          class="sc-iBYQkv sc-pyfCe fBJkCi hMiFgy"
          color="rgba(255,255,255, 0.87)"
        >
          Reliable, secure, and permissionless price oracles for every token.
        </div>
      </div>
      <a
        data-testid="enter-app"
        href="/app/pools"
      >
        <div
          class="sc-jSUZER dotgdq"
        >
          <button
            class="sc-bcXHqe sc-gswNZR sc-dkrFOg ehpQtM dtMsKQ knBdfs sc-gKPRtg iZzqwI sc-dUipGc iqTMNR"
          >
            Enter App
          </button>
        </div>
      </a>
      <div
        class="sc-lknQiW fifujv"
      >
        <a
          class="sc-lllmON"
          href="https://docs.oracles.rip/"
          rel="noopener noreferrer"
          target="_blank"
        >
          <div
            class="sc-iBYQkv sc-jrcTuL blHKRc epIsAC sc-iJnaPW"
            color="rgba(255,255,255, 0.87)"
          >
            Documentation 
            <i
              class="sc-hBxehG eApZoW picon-arrow-up-right"
              color="rgba(255,255,255, 0.87)"
              name="arrow-up-right"
            />
          </div>
        </a>
      </div>
    </div>
    <div
      class="sc-fmZqYP bIRdds"
    >
      <div
        class="sc-iBYQkv sc-kDvujY fBJkCi faMXpT"
        color="rgba(255,255,255, 0.87)"
      >
        Made with ü§ç by 
        <a
          class="sc-lllmON"
          href="https://defi.sucks/"
          rel="noopener noreferrer"
          target="_blank"
        >
          <div
            class="sc-iBYQkv sc-kDvujY blHKRc faMXpT sc-iJnaPW"
            color="rgba(255,255,255, 0.87)"
          >
            Wonderland 
          </div>
        </a>
      </div>
    </div>
  </div>
</DocumentFragment>
`;
